<?xml version="1.0" ?>
<othello-match>
	<timing start="Fri Jun 19 13:19:10 2026" finish="Fri Jun 19 13:23:20 2026"/>
	<player directory="advsearch/your_agent" color="B" result="win" score="43"/>
	<player directory="advsearch/your_agent" color="W" result="loss" score="21"/>
	<moves>
		<move coord="2,3" color="B"/>
		<move coord="2,2" color="W"/>
		<move coord="3,2" color="B"/>
		<move coord="2,4" color="W"/>
		<move coord="2,5" color="B"/>
		<move coord="4,2" color="W"/>
		<move coord="3,1" color="B"/>
		<move coord="2,0" color="W"/>
		<move coord="1,3" color="B"/>
		<move coord="0,3" color="W"/>
		<move coord="1,4" color="B"/>
		<move coord="2,6" color="W"/>
		<move coord="1,2" color="B"/>
		<move coord="0,2" color="W"/>
		<move coord="2,1" color="B"/>
		<move coord="0,5" color="W"/>
		<move coord="0,4" color="B"/>
		<move coord="3,0" color="W"/>
		<move coord="3,6" color="B"/>
		<move coord="1,5" color="W"/>
		<move coord="5,5" color="B"/>
		<move coord="4,7" color="W"/>
		<move coord="5,3" color="B"/>
		<move coord="6,4" color="W"/>
		<move coord="6,3" color="B"/>
		<move coord="7,3" color="W"/>
		<move coord="3,7" color="B"/>
		<move coord="2,7" color="W"/>
		<move coord="3,5" color="B"/>
		<move coord="5,4" color="W"/>
		<move coord="6,2" color="B"/>
		<move coord="5,1" color="W"/>
		<move coord="7,4" color="B"/>
		<move coord="7,5" color="W"/>
		<move coord="7,2" color="B"/>
		<move coord="5,2" color="W"/>
		<move coord="4,1" color="B"/>
		<move coord="5,0" color="W"/>
		<move coord="4,0" color="B"/>
		<move coord="7,1" color="W"/>
		<move coord="1,0" color="B"/>
		<move coord="0,0" color="W"/>
		<move coord="0,1" color="B"/>
		<move coord="6,5" color="W"/>
		<move coord="1,1" color="B"/>
		<move coord="0,6" color="W"/>
		<move coord="0,7" color="B"/>
		<move coord="1,6" color="W"/>
		<move coord="1,7" color="B"/>
		<move coord="4,6" color="W"/>
		<move coord="5,6" color="B"/>
		<move coord="5,7" color="W"/>
		<move coord="6,7" color="B"/>
		<move coord="4,5" color="W"/>
		<move coord="6,1" color="B"/>
		<move coord="6,0" color="W"/>
		<move coord="7,0" color="B"/>
		<move coord="7,6" color="B"/>
		<move coord="6,6" color="W"/>
		<move coord="7,7" color="B"/>
	</moves>
</othello-match>
